C:/Users/user14/workspaces/embeddeed/nucleo_f411_timer/Src/main.c:71:5:main	8	static
C:/Users/user14/workspaces/embeddeed/nucleo_f411_timer/Src/main.c:118:6:SystemClock_Config	88	static
C:/Users/user14/workspaces/embeddeed/nucleo_f411_timer/Src/main.c:163:6:HAL_TIM_PeriodElapsedCallback	16	static
C:/Users/user14/workspaces/embeddeed/nucleo_f411_timer/Src/main.c:173:6:timertick_process	8	static
C:/Users/user14/workspaces/embeddeed/nucleo_f411_timer/Src/main.c:179:6:LED_OnOff	16	static
C:/Users/user14/workspaces/embeddeed/nucleo_f411_timer/Src/main.c:185:6:LED_Test	8	static
C:/Users/user14/workspaces/embeddeed/nucleo_f411_timer/Src/main.c:194:6:Error_Handler	4	static,ignoring_inline_asm
