C:/Users/user14/workspaces/embeddeed/nucleo_f411_timer/Src/main.c:71:5:main	1
C:/Users/user14/workspaces/embeddeed/nucleo_f411_timer/Src/main.c:118:6:SystemClock_Config	3
C:/Users/user14/workspaces/embeddeed/nucleo_f411_timer/Src/main.c:163:6:HAL_TIM_PeriodElapsedCallback	3
C:/Users/user14/workspaces/embeddeed/nucleo_f411_timer/Src/main.c:173:6:timertick_process	2
C:/Users/user14/workspaces/embeddeed/nucleo_f411_timer/Src/main.c:179:6:LED_OnOff	1
C:/Users/user14/workspaces/embeddeed/nucleo_f411_timer/Src/main.c:185:6:LED_Test	1
C:/Users/user14/workspaces/embeddeed/nucleo_f411_timer/Src/main.c:194:6:Error_Handler	1
