Archive member included to satisfy reference by file (symbol)

/opt/microchip/avr-gcc/bin/../lib/gcc/avr/15.1.0/avr51/libgcc.a(_exit.o)
                              /opt/microchip/avr-gcc/bin/../lib/gcc/avr/15.1.0/../../../../avr/lib/avr51/crtatmega128a.o (exit)

Discarded input sections

 .data          0x00000000        0x0 /opt/microchip/avr-gcc/bin/../lib/gcc/avr/15.1.0/../../../../avr/lib/avr51/crtatmega128a.o
 .bss           0x00000000        0x0 /opt/microchip/avr-gcc/bin/../lib/gcc/avr/15.1.0/../../../../avr/lib/avr51/crtatmega128a.o
 .text          0x00000000        0x0 /tmp/ccJu6G4O.ltrans0.ltrans.o
 .data          0x00000000        0x0 /tmp/ccJu6G4O.ltrans0.ltrans.o
 .bss           0x00000000        0x0 /tmp/ccJu6G4O.ltrans0.ltrans.o
 .group         0x00000000        0xc /tmp/cc88ALmR.debug.temp.o
 .group         0x00000000        0xc /tmp/cc88ALmR.debug.temp.o
 .group         0x00000000        0xc /tmp/cc88ALmR.debug.temp.o
 .group         0x00000000        0xc /tmp/cc88ALmR.debug.temp.o
 .group         0x00000000        0xc /tmp/cc88ALmR.debug.temp.o
 .group         0x00000000        0xc /tmp/cc88ALmR.debug.temp.o
 .group         0x00000000        0xc /tmp/cc88ALmR.debug.temp.o
 .group         0x00000000        0xc /tmp/cc88ALmR.debug.temp.o
 .group         0x00000000        0xc /tmp/cc88ALmR.debug.temp.o
 .group         0x00000000        0xc /tmp/cc88ALmR.debug.temp.o
 .group         0x00000000        0xc /tmp/cc88ALmR.debug.temp.o
 .group         0x00000000        0xc /tmp/cc88ALmR.debug.temp.o
 .group         0x00000000        0xc /tmp/cc88ALmR.debug.temp.o
 .comment       0x00000000       0x30 /tmp/cc88ALmR.debug.temp.o
 .group         0x00000000        0xc /tmp/cc26VE1o.debug.temp.o
 .group         0x00000000        0xc /tmp/cc26VE1o.debug.temp.o
 .group         0x00000000        0xc /tmp/cc26VE1o.debug.temp.o
 .group         0x00000000        0xc /tmp/cc26VE1o.debug.temp.o
 .group         0x00000000        0xc /tmp/cc26VE1o.debug.temp.o
 .group         0x00000000        0xc /tmp/cc26VE1o.debug.temp.o
 .group         0x00000000        0xc /tmp/cc26VE1o.debug.temp.o
 .group         0x00000000        0xc /tmp/cc26VE1o.debug.temp.o
 .group         0x00000000        0xc /tmp/cc26VE1o.debug.temp.o
 .group         0x00000000        0xc /tmp/cc26VE1o.debug.temp.o
 .group         0x00000000        0xc /tmp/cc26VE1o.debug.temp.o
 .group         0x00000000        0xc /tmp/cc26VE1o.debug.temp.o
 .group         0x00000000        0xc /tmp/cc26VE1o.debug.temp.o
 .debug_macro   0x00000000      0xc46 /tmp/cc26VE1o.debug.temp.o
 .debug_macro   0x00000000       0x10 /tmp/cc26VE1o.debug.temp.o
 .debug_macro   0x00000000      0x1c9 /tmp/cc26VE1o.debug.temp.o
 .debug_macro   0x00000000      0x2fd /tmp/cc26VE1o.debug.temp.o
 .debug_macro   0x00000000       0x9e /tmp/cc26VE1o.debug.temp.o
 .debug_macro   0x00000000     0x138f /tmp/cc26VE1o.debug.temp.o
 .debug_macro   0x00000000      0x204 /tmp/cc26VE1o.debug.temp.o
 .debug_macro   0x00000000       0xcb /tmp/cc26VE1o.debug.temp.o
 .debug_macro   0x00000000       0x34 /tmp/cc26VE1o.debug.temp.o
 .debug_macro   0x00000000       0x18 /tmp/cc26VE1o.debug.temp.o
 .debug_macro   0x00000000       0x6c /tmp/cc26VE1o.debug.temp.o
 .debug_macro   0x00000000       0x16 /tmp/cc26VE1o.debug.temp.o
 .debug_macro   0x00000000       0x10 /tmp/cc26VE1o.debug.temp.o
 .comment       0x00000000       0x30 /tmp/cc26VE1o.debug.temp.o
 .text          0x00000000        0x0 /opt/microchip/avr-gcc/bin/../lib/gcc/avr/15.1.0/avr51/libgcc.a(_exit.o)
 .data          0x00000000        0x0 /opt/microchip/avr-gcc/bin/../lib/gcc/avr/15.1.0/avr51/libgcc.a(_exit.o)
 .bss           0x00000000        0x0 /opt/microchip/avr-gcc/bin/../lib/gcc/avr/15.1.0/avr51/libgcc.a(_exit.o)
 .text.libgcc.mul
                0x00000000        0x0 /opt/microchip/avr-gcc/bin/../lib/gcc/avr/15.1.0/avr51/libgcc.a(_exit.o)
 .text.libgcc.div
                0x00000000        0x0 /opt/microchip/avr-gcc/bin/../lib/gcc/avr/15.1.0/avr51/libgcc.a(_exit.o)
 .text.libgcc   0x00000000        0x0 /opt/microchip/avr-gcc/bin/../lib/gcc/avr/15.1.0/avr51/libgcc.a(_exit.o)
 .text.libgcc.prologue
                0x00000000        0x0 /opt/microchip/avr-gcc/bin/../lib/gcc/avr/15.1.0/avr51/libgcc.a(_exit.o)
 .text.libgcc.builtins
                0x00000000        0x0 /opt/microchip/avr-gcc/bin/../lib/gcc/avr/15.1.0/avr51/libgcc.a(_exit.o)
 .text.libgcc.fmul
                0x00000000        0x0 /opt/microchip/avr-gcc/bin/../lib/gcc/avr/15.1.0/avr51/libgcc.a(_exit.o)
 .text.libgcc.fixed
                0x00000000        0x0 /opt/microchip/avr-gcc/bin/../lib/gcc/avr/15.1.0/avr51/libgcc.a(_exit.o)

Memory Configuration

Name             Origin             Length             Attributes
text             0x00000000         0x00020000         xr
data             0x00800100         0x00001000         rw!x
eeprom           0x00810000         0x00001000         rw!x
fuse             0x00820000         0x00000003         rw!x
lock             0x00830000         0x00000400         rw!x
signature        0x00840000         0x00000400         rw!x
user_signatures  0x00850000         0x00000400         rw!x
*default*        0x00000000         0xffffffff

Linker script and memory map

Address of section .data set to 0x800100
LOAD /opt/microchip/avr-gcc/bin/../lib/gcc/avr/15.1.0/../../../../avr/lib/avr51/crtatmega128a.o
LOAD /opt/microchip/avr-gcc/bin/../lib/gcc/avr/15.1.0/../../../../avr/lib/avr51/libm.a
LOAD CMakeFiles/atmega128a.elf.dir/led.c.obj
LOAD /tmp/ccJu6G4O.ltrans0.ltrans.o
LOAD /tmp/cc88ALmR.debug.temp.o
LOAD /tmp/cc26VE1o.debug.temp.o
LOAD CMakeFiles/atmega128a.elf.dir/main.c.obj
START GROUP
LOAD /opt/microchip/avr-gcc/bin/../lib/gcc/avr/15.1.0/avr51/libgcc.a
LOAD /opt/microchip/avr-gcc/bin/../lib/gcc/avr/15.1.0/../../../../avr/lib/avr51/libm.a
LOAD /opt/microchip/avr-gcc/bin/../lib/gcc/avr/15.1.0/../../../../avr/lib/avr51/libc.a
LOAD /opt/microchip/avr-gcc/bin/../lib/gcc/avr/15.1.0/../../../../avr/lib/avr51/libatmega128a.a
END GROUP
                [0x00000000]                      __TEXT_REGION_ORIGIN__ = DEFINED (__TEXT_REGION_ORIGIN__)?__TEXT_REGION_ORIGIN__:0x0
                [0x00020000]                      __TEXT_REGION_LENGTH__ = DEFINED (__TEXT_REGION_LENGTH__)?__TEXT_REGION_LENGTH__:0x20000
                [0x00800100]                      __DATA_REGION_ORIGIN__ = DEFINED (__DATA_REGION_ORIGIN__)?__DATA_REGION_ORIGIN__:0x800100
                [0x00001000]                      __DATA_REGION_LENGTH__ = DEFINED (__DATA_REGION_LENGTH__)?__DATA_REGION_LENGTH__:0xff00
                [0x00001000]                      __EEPROM_REGION_LENGTH__ = DEFINED (__EEPROM_REGION_LENGTH__)?__EEPROM_REGION_LENGTH__:0x10000
                [0x00000003]                      __FUSE_REGION_LENGTH__ = DEFINED (__FUSE_REGION_LENGTH__)?__FUSE_REGION_LENGTH__:0x400
                0x00000400                        __LOCK_REGION_LENGTH__ = DEFINED (__LOCK_REGION_LENGTH__)?__LOCK_REGION_LENGTH__:0x400
                0x00000400                        __SIGNATURE_REGION_LENGTH__ = DEFINED (__SIGNATURE_REGION_LENGTH__)?__SIGNATURE_REGION_LENGTH__:0x400
                0x00000400                        __USER_SIGNATURE_REGION_LENGTH__ = DEFINED (__USER_SIGNATURE_REGION_LENGTH__)?__USER_SIGNATURE_REGION_LENGTH__:0x400

.hash
 *(.hash)

.dynsym
 *(.dynsym)

.dynstr
 *(.dynstr)

.gnu.version
 *(.gnu.version)

.gnu.version_d
 *(.gnu.version_d)

.gnu.version_r
 *(.gnu.version_r)

.rel.init
 *(.rel.init)

.rela.init
 *(.rela.init)

.rel.text
 *(.rel.text)
 *(.rel.text.*)
 *(.rel.gnu.linkonce.t*)

.rela.text
 *(.rela.text)
 *(.rela.text.*)
 *(.rela.gnu.linkonce.t*)

.rel.fini
 *(.rel.fini)

.rela.fini
 *(.rela.fini)

.rel.rodata
 *(.rel.rodata)
 *(.rel.rodata.*)
 *(.rel.gnu.linkonce.r*)

.rela.rodata
 *(.rela.rodata)
 *(.rela.rodata.*)
 *(.rela.gnu.linkonce.r*)

.rel.data
 *(.rel.data)
 *(.rel.data.*)
 *(.rel.gnu.linkonce.d*)

.rela.data
 *(.rela.data)
 *(.rela.data.*)
 *(.rela.gnu.linkonce.d*)

.rel.ctors
 *(.rel.ctors)

.rela.ctors
 *(.rela.ctors)

.rel.dtors
 *(.rel.dtors)

.rela.dtors
 *(.rela.dtors)

.rel.got
 *(.rel.got)

.rela.got
 *(.rela.got)

.rel.bss
 *(.rel.bss)

.rela.bss
 *(.rela.bss)

.rel.plt
 *(.rel.plt)

.rela.plt
 *(.rela.plt)

.text           0x00000000       0xae
 *(.vectors)
 .vectors       0x00000000       0x28 /opt/microchip/avr-gcc/bin/../lib/gcc/avr/15.1.0/../../../../avr/lib/avr51/crtatmega128a.o
                0x00000000                __vectors
                0x00000000                __vector_default
 *(.vectors)
 *(.progmem.gcc*)
                0x00000028                        . = ALIGN (0x2)
                0x00000028                        __trampolines_start = .
 *(.trampolines)
 .trampolines   0x00000028        0x0 linker stubs
 *(.trampolines*)
                0x00000028                        __trampolines_end = .
 *libprintf_flt.a:*(.progmem.data)
 *libc.a:*(.progmem.data)
 *(.progmem.*)
                0x00000028                        . = ALIGN (0x2)
 *(.lowtext)
 *(.lowtext*)
                0x00000028                        __ctors_start = .
 *(.ctors)
                0x00000028                        __ctors_end = .
                0x00000028                        __dtors_start = .
 *(.dtors)
                0x00000028                        __dtors_end = .
 SORT_BY_NAME(*)(.ctors)
 SORT_BY_NAME(*)(.dtors)
 *(.init0)
 .init0         0x00000028        0x0 /opt/microchip/avr-gcc/bin/../lib/gcc/avr/15.1.0/../../../../avr/lib/avr51/crtatmega128a.o
                0x00000028                __init
 *(.init0)
 *(.init1)
 *(.init1)
 *(.init2)
 .init2         0x00000028        0xc /opt/microchip/avr-gcc/bin/../lib/gcc/avr/15.1.0/../../../../avr/lib/avr51/crtatmega128a.o
 *(.init2)
 *(.init3)
 *(.init3)
 *(.init4)
 *(.init4)
 *(.init5)
 *(.init5)
 *(.init6)
 *(.init6)
 *(.init7)
 *(.init7)
 *(.init8)
 *(.init8)
 *(.init9)
 .init9         0x00000034        0x8 /opt/microchip/avr-gcc/bin/../lib/gcc/avr/15.1.0/../../../../avr/lib/avr51/crtatmega128a.o
 *(.init9)
 *(.text)
 .text          0x0000003c        0x4 /opt/microchip/avr-gcc/bin/../lib/gcc/avr/15.1.0/../../../../avr/lib/avr51/crtatmega128a.o
                0x0000003c                __vector_1
                0x0000003c                __bad_interrupt
                0x0000003c                __vector_6
                0x0000003c                __vector_3
                0x0000003c                __vector_7
                0x0000003c                __vector_5
                0x0000003c                __vector_4
                0x0000003c                __vector_9
                0x0000003c                __vector_2
                0x0000003c                __vector_8
                0x00000040                        . = ALIGN (0x2)
 *(.text.*)
 .text.startup  0x00000040       0x6a /tmp/ccJu6G4O.ltrans0.ltrans.o
                0x00000040                main
                0x000000aa                        . = ALIGN (0x2)
 *(.fini9)
 .fini9         0x000000aa        0x0 /opt/microchip/avr-gcc/bin/../lib/gcc/avr/15.1.0/avr51/libgcc.a(_exit.o)
                0x000000aa                exit
                0x000000aa                _exit
 *(.fini9)
 *(.fini8)
 *(.fini8)
 *(.fini7)
 *(.fini7)
 *(.fini6)
 *(.fini6)
 *(.fini5)
 *(.fini5)
 *(.fini4)
 *(.fini4)
 *(.fini3)
 *(.fini3)
 *(.fini2)
 *(.fini2)
 *(.fini1)
 *(.fini1)
 *(.fini0)
 .fini0         0x000000aa        0x4 /opt/microchip/avr-gcc/bin/../lib/gcc/avr/15.1.0/avr51/libgcc.a(_exit.o)
 *(.fini0)
 *(.hightext)
 *(.hightext*)
 *(.progmemx.*)
                0x000000ae                        . = ALIGN (0x2)
 *(.jumptables)
 *(.jumptables*)
                0x000000ae                        _etext = .

.data           0x00800100        0x0 load address 0x000000ae
                [!provide]                        PROVIDE (__data_start = .)
 *(.data)
 *(.data*)
 *(.gnu.linkonce.d*)
 *(.rodata)
 *(.rodata*)
 *(.gnu.linkonce.r*)
                0x00800100                        . = ALIGN (0x2)
                0x00800100                        _edata = .
                [!provide]                        PROVIDE (__data_end = .)

.bss            0x00800100        0x0
                [!provide]                        PROVIDE (__bss_start = .)
 *(.bss)
 *(.bss*)
 *(COMMON)
                [!provide]                        PROVIDE (__bss_end = .)
                0x000000ae                        __data_load_start = LOADADDR (.data)
                0x000000ae                        __data_load_end = (__data_load_start + SIZEOF (.data))

.noinit         0x00800100        0x0
                [!provide]                        PROVIDE (__noinit_start = .)
 *(.noinit .noinit.* .gnu.linkonce.n.*)
                [!provide]                        PROVIDE (__noinit_end = .)
                0x00800100                        _end = .
                [!provide]                        PROVIDE (__heap_start = .)
                0x00000000                        __flmap_init_label = DEFINED (__flmap_noinit_start)?__flmap_noinit_start:0x0
                0x00000000                        __flmap = DEFINED (__flmap)?__flmap:0x0

.eeprom         0x00810000        0x0
 *(.eeprom*)
                0x00810000                        __eeprom_end = .

.fuse
 *(.fuse)
 *(.lfuse)
 *(.hfuse)
 *(.efuse)

.lock
 *(.lock*)

.signature
 *(.signature*)

.stab
 *(.stab)

.stabstr
 *(.stabstr)

.stab.excl
 *(.stab.excl)

.stab.exclstr
 *(.stab.exclstr)

.stab.index
 *(.stab.index)

.stab.indexstr
 *(.stab.indexstr)

.comment        0x00000000       0x2f
 *(.comment)
 .comment       0x00000000       0x2f /tmp/ccJu6G4O.ltrans0.ltrans.o
                                 0x30 (size before relaxing)

.note.gnu.avr.deviceinfo
                0x00000000       0x40
 .note.gnu.avr.deviceinfo
                0x00000000       0x40 /opt/microchip/avr-gcc/bin/../lib/gcc/avr/15.1.0/../../../../avr/lib/avr51/crtatmega128a.o

.gnu.build.attributes
 *(.gnu.build.attributes .gnu.build.attributes.*)

.note.gnu.build-id
 *(.note.gnu.build-id)

.debug
 *(.debug)

.line
 *(.line)

.debug_srcinfo
 *(.debug_srcinfo)

.debug_sfnames
 *(.debug_sfnames)

.debug_aranges  0x00000000       0x20
 *(.debug_aranges)
 .debug_aranges
                0x00000000       0x20 /tmp/ccJu6G4O.ltrans0.ltrans.o

.debug_pubnames
 *(.debug_pubnames)

.debug_info     0x00000000      0xb09
 *(.debug_info .gnu.linkonce.wi.*)
 .debug_info    0x00000000      0x780 /opt/microchip/avr-gcc/bin/../lib/gcc/avr/15.1.0/../../../../avr/lib/avr51/crtatmega128a.o
 .debug_info    0x00000780      0x142 /tmp/ccJu6G4O.ltrans0.ltrans.o
 .debug_info    0x000008c2       0xe6 /tmp/cc88ALmR.debug.temp.o
                0x000008c2                led.c.e624c864
 .debug_info    0x000009a8      0x161 /tmp/cc26VE1o.debug.temp.o
                0x000009a8                main.c.f40319f1

.debug_abbrev   0x00000000      0x987
 *(.debug_abbrev)
 .debug_abbrev  0x00000000      0x718 /opt/microchip/avr-gcc/bin/../lib/gcc/avr/15.1.0/../../../../avr/lib/avr51/crtatmega128a.o
 .debug_abbrev  0x00000718       0xa0 /tmp/ccJu6G4O.ltrans0.ltrans.o
 .debug_abbrev  0x000007b8       0xbe /tmp/cc88ALmR.debug.temp.o
 .debug_abbrev  0x00000876      0x111 /tmp/cc26VE1o.debug.temp.o

.debug_line     0x00000000      0x37f
 *(.debug_line .debug_line.* .debug_line_end)
 .debug_line    0x00000000       0x1d /opt/microchip/avr-gcc/bin/../lib/gcc/avr/15.1.0/../../../../avr/lib/avr51/crtatmega128a.o
 .debug_line    0x0000001d      0x242 /tmp/ccJu6G4O.ltrans0.ltrans.o
 .debug_line    0x0000025f       0x90 /tmp/cc88ALmR.debug.temp.o
 .debug_line    0x000002ef       0x90 /tmp/cc26VE1o.debug.temp.o

.debug_frame    0x00000000       0x24
 *(.debug_frame)
 .debug_frame   0x00000000       0x24 /tmp/ccJu6G4O.ltrans0.ltrans.o

.debug_str      0x00000000     0x753b
 *(.debug_str)
 .debug_str     0x00000000      0x27d /opt/microchip/avr-gcc/bin/../lib/gcc/avr/15.1.0/../../../../avr/lib/avr51/crtatmega128a.o
 .debug_str     0x0000027d     0x72be /tmp/ccJu6G4O.ltrans0.ltrans.o
                                 0xb3 (size before relaxing)
 .debug_str     0x0000753b     0x7258 /tmp/cc88ALmR.debug.temp.o
 .debug_str     0x0000753b     0x72a8 /tmp/cc26VE1o.debug.temp.o

.debug_loc
 *(.debug_loc)

.debug_macinfo
 *(.debug_macinfo)

.debug_weaknames
 *(.debug_weaknames)

.debug_funcnames
 *(.debug_funcnames)

.debug_typenames
 *(.debug_typenames)

.debug_varnames
 *(.debug_varnames)

.debug_pubtypes
 *(.debug_pubtypes)

.debug_ranges
 *(.debug_ranges)

.debug_addr
 *(.debug_addr)

.debug_line_str
                0x00000000      0x1c6
 *(.debug_line_str)
 .debug_line_str
                0x00000000      0x1c6 /tmp/ccJu6G4O.ltrans0.ltrans.o
                                 0xcc (size before relaxing)
 .debug_line_str
                0x000001c6      0x195 /tmp/cc88ALmR.debug.temp.o
 .debug_line_str
                0x000001c6      0x197 /tmp/cc26VE1o.debug.temp.o

.debug_loclists
                0x00000000      0x10e
 *(.debug_loclists)
 .debug_loclists
                0x00000000      0x10e /tmp/ccJu6G4O.ltrans0.ltrans.o

.debug_macro    0x00000000     0x2a3c
 *(.debug_macro)
 .debug_macro   0x00000000       0xa3 /tmp/cc88ALmR.debug.temp.o
 .debug_macro   0x000000a3      0xc46 /tmp/cc88ALmR.debug.temp.o
 .debug_macro   0x00000ce9       0x10 /tmp/cc88ALmR.debug.temp.o
 .debug_macro   0x00000cf9      0x1c9 /tmp/cc88ALmR.debug.temp.o
 .debug_macro   0x00000ec2      0x2fd /tmp/cc88ALmR.debug.temp.o
 .debug_macro   0x000011bf       0x9e /tmp/cc88ALmR.debug.temp.o
 .debug_macro   0x0000125d     0x138f /tmp/cc88ALmR.debug.temp.o
 .debug_macro   0x000025ec      0x204 /tmp/cc88ALmR.debug.temp.o
 .debug_macro   0x000027f0       0xcb /tmp/cc88ALmR.debug.temp.o
 .debug_macro   0x000028bb       0x34 /tmp/cc88ALmR.debug.temp.o
 .debug_macro   0x000028ef       0x18 /tmp/cc88ALmR.debug.temp.o
 .debug_macro   0x00002907       0x6c /tmp/cc88ALmR.debug.temp.o
 .debug_macro   0x00002973       0x16 /tmp/cc88ALmR.debug.temp.o
 .debug_macro   0x00002989       0x10 /tmp/cc88ALmR.debug.temp.o
 .debug_macro   0x00002999       0xa3 /tmp/cc26VE1o.debug.temp.o

.debug_names
 *(.debug_names)

.debug_rnglists
                0x00000000       0x37
 *(.debug_rnglists)
 .debug_rnglists
                0x00000000       0x37 /tmp/ccJu6G4O.ltrans0.ltrans.o

.debug_str_offsets
 *(.debug_str_offsets)

.debug_sup
 *(.debug_sup)
OUTPUT(atmega128a.elf elf32-avr)
LOAD linker stubs

Cross Reference Table

Symbol                                            File
__DATA_REGION_LENGTH__                            /opt/microchip/avr-gcc/bin/../lib/gcc/avr/15.1.0/../../../../avr/lib/avr51/crtatmega128a.o
__DATA_REGION_ORIGIN__                            /opt/microchip/avr-gcc/bin/../lib/gcc/avr/15.1.0/../../../../avr/lib/avr51/crtatmega128a.o
__EEPROM_REGION_LENGTH__                          /opt/microchip/avr-gcc/bin/../lib/gcc/avr/15.1.0/../../../../avr/lib/avr51/crtatmega128a.o
__FUSE_REGION_LENGTH__                            /opt/microchip/avr-gcc/bin/../lib/gcc/avr/15.1.0/../../../../avr/lib/avr51/crtatmega128a.o
__TEXT_REGION_LENGTH__                            /opt/microchip/avr-gcc/bin/../lib/gcc/avr/15.1.0/../../../../avr/lib/avr51/crtatmega128a.o
__TEXT_REGION_ORIGIN__                            /opt/microchip/avr-gcc/bin/../lib/gcc/avr/15.1.0/../../../../avr/lib/avr51/crtatmega128a.o
__bad_interrupt                                   /opt/microchip/avr-gcc/bin/../lib/gcc/avr/15.1.0/../../../../avr/lib/avr51/crtatmega128a.o
__heap_end                                        /opt/microchip/avr-gcc/bin/../lib/gcc/avr/15.1.0/../../../../avr/lib/avr51/crtatmega128a.o
__init                                            /opt/microchip/avr-gcc/bin/../lib/gcc/avr/15.1.0/../../../../avr/lib/avr51/crtatmega128a.o
__stack                                           /opt/microchip/avr-gcc/bin/../lib/gcc/avr/15.1.0/../../../../avr/lib/avr51/crtatmega128a.o
__vector_1                                        /opt/microchip/avr-gcc/bin/../lib/gcc/avr/15.1.0/../../../../avr/lib/avr51/crtatmega128a.o
__vector_2                                        /opt/microchip/avr-gcc/bin/../lib/gcc/avr/15.1.0/../../../../avr/lib/avr51/crtatmega128a.o
__vector_3                                        /opt/microchip/avr-gcc/bin/../lib/gcc/avr/15.1.0/../../../../avr/lib/avr51/crtatmega128a.o
__vector_4                                        /opt/microchip/avr-gcc/bin/../lib/gcc/avr/15.1.0/../../../../avr/lib/avr51/crtatmega128a.o
__vector_5                                        /opt/microchip/avr-gcc/bin/../lib/gcc/avr/15.1.0/../../../../avr/lib/avr51/crtatmega128a.o
__vector_6                                        /opt/microchip/avr-gcc/bin/../lib/gcc/avr/15.1.0/../../../../avr/lib/avr51/crtatmega128a.o
__vector_7                                        /opt/microchip/avr-gcc/bin/../lib/gcc/avr/15.1.0/../../../../avr/lib/avr51/crtatmega128a.o
__vector_8                                        /opt/microchip/avr-gcc/bin/../lib/gcc/avr/15.1.0/../../../../avr/lib/avr51/crtatmega128a.o
__vector_9                                        /opt/microchip/avr-gcc/bin/../lib/gcc/avr/15.1.0/../../../../avr/lib/avr51/crtatmega128a.o
__vector_default                                  /opt/microchip/avr-gcc/bin/../lib/gcc/avr/15.1.0/../../../../avr/lib/avr51/crtatmega128a.o
__vectors                                         /opt/microchip/avr-gcc/bin/../lib/gcc/avr/15.1.0/../../../../avr/lib/avr51/crtatmega128a.o
_exit                                             /opt/microchip/avr-gcc/bin/../lib/gcc/avr/15.1.0/avr51/libgcc.a(_exit.o)
exit                                              /opt/microchip/avr-gcc/bin/../lib/gcc/avr/15.1.0/avr51/libgcc.a(_exit.o)
                                                  /opt/microchip/avr-gcc/bin/../lib/gcc/avr/15.1.0/../../../../avr/lib/avr51/crtatmega128a.o
led.c.e624c864                                    /tmp/cc88ALmR.debug.temp.o
                                                  /tmp/ccJu6G4O.ltrans0.ltrans.o
ledInit                                           CMakeFiles/atmega128a.elf.dir/led.c.obj (symbol from plugin)
                                                  CMakeFiles/atmega128a.elf.dir/main.c.obj (symbol from plugin)
ledOff                                            CMakeFiles/atmega128a.elf.dir/led.c.obj (symbol from plugin)
                                                  CMakeFiles/atmega128a.elf.dir/main.c.obj (symbol from plugin)
ledOn                                             CMakeFiles/atmega128a.elf.dir/led.c.obj (symbol from plugin)
                                                  CMakeFiles/atmega128a.elf.dir/main.c.obj (symbol from plugin)
main                                              /tmp/ccJu6G4O.ltrans0.ltrans.o
                                                  CMakeFiles/atmega128a.elf.dir/main.c.obj (symbol from plugin)
                                                  /opt/microchip/avr-gcc/bin/../lib/gcc/avr/15.1.0/../../../../avr/lib/avr51/crtatmega128a.o
main.c.f40319f1                                   /tmp/cc26VE1o.debug.temp.o
                                                  /tmp/ccJu6G4O.ltrans0.ltrans.o
