C:/Users/user14/workspaces/embeddeed/stm32f411re6_prj/Src/main.c:74:5:main	1
C:/Users/user14/workspaces/embeddeed/stm32f411re6_prj/Src/main.c:123:6:SystemClock_Config	3
C:/Users/user14/workspaces/embeddeed/stm32f411re6_prj/Src/main.c:166:6:HAL_TIM_PeriodElapsedCallback	3
C:/Users/user14/workspaces/embeddeed/stm32f411re6_prj/Src/main.c:179:6:trace_process	3
C:/Users/user14/workspaces/embeddeed/stm32f411re6_prj/Src/main.c:197:6:timertick_process	2
C:/Users/user14/workspaces/embeddeed/stm32f411re6_prj/Src/main.c:211:1:__io_putchar	1
C:/Users/user14/workspaces/embeddeed/stm32f411re6_prj/Src/main.c:225:6:Error_Handler	1
