C:/Users/user14/workspaces/embeddeed/stm32f411re6_prj/Drivers/STM32F4xx_HAL_Driver/Src/stm32f4xx_hal_uart.c:357:19:HAL_UART_Init	16	static
C:/Users/user14/workspaces/embeddeed/stm32f411re6_prj/Drivers/STM32F4xx_HAL_Driver/Src/stm32f4xx_hal_uart.c:435:19:HAL_HalfDuplex_Init	16	static
C:/Users/user14/workspaces/embeddeed/stm32f411re6_prj/Drivers/STM32F4xx_HAL_Driver/Src/stm32f4xx_hal_uart.c:509:19:HAL_LIN_Init	16	static
C:/Users/user14/workspaces/embeddeed/stm32f411re6_prj/Drivers/STM32F4xx_HAL_Driver/Src/stm32f4xx_hal_uart.c:591:19:HAL_MultiProcessor_Init	24	static
C:/Users/user14/workspaces/embeddeed/stm32f411re6_prj/Drivers/STM32F4xx_HAL_Driver/Src/stm32f4xx_hal_uart.c:669:19:HAL_UART_DeInit	16	static
C:/Users/user14/workspaces/embeddeed/stm32f411re6_prj/Drivers/STM32F4xx_HAL_Driver/Src/stm32f4xx_hal_uart.c:715:13:HAL_UART_MspInit	16	static
C:/Users/user14/workspaces/embeddeed/stm32f411re6_prj/Drivers/STM32F4xx_HAL_Driver/Src/stm32f4xx_hal_uart.c:730:13:HAL_UART_MspDeInit	16	static
C:/Users/user14/workspaces/embeddeed/stm32f411re6_prj/Drivers/STM32F4xx_HAL_Driver/Src/stm32f4xx_hal_uart.c:1135:19:HAL_UART_Transmit	48	static
C:/Users/user14/workspaces/embeddeed/stm32f411re6_prj/Drivers/STM32F4xx_HAL_Driver/Src/stm32f4xx_hal_uart.c:1221:19:HAL_UART_Receive	48	static
C:/Users/user14/workspaces/embeddeed/stm32f411re6_prj/Drivers/STM32F4xx_HAL_Driver/Src/stm32f4xx_hal_uart.c:1308:19:HAL_UART_Transmit_IT	24	static
C:/Users/user14/workspaces/embeddeed/stm32f411re6_prj/Drivers/STM32F4xx_HAL_Driver/Src/stm32f4xx_hal_uart.c:1347:19:HAL_UART_Receive_IT	24	static
C:/Users/user14/workspaces/embeddeed/stm32f411re6_prj/Drivers/STM32F4xx_HAL_Driver/Src/stm32f4xx_hal_uart.c:1379:19:HAL_UART_Transmit_DMA	56	static,ignoring_inline_asm
C:/Users/user14/workspaces/embeddeed/stm32f411re6_prj/Drivers/STM32F4xx_HAL_Driver/Src/stm32f4xx_hal_uart.c:1455:19:HAL_UART_Receive_DMA	24	static
C:/Users/user14/workspaces/embeddeed/stm32f411re6_prj/Drivers/STM32F4xx_HAL_Driver/Src/stm32f4xx_hal_uart.c:1478:19:HAL_UART_DMAPause	120	static,ignoring_inline_asm
C:/Users/user14/workspaces/embeddeed/stm32f411re6_prj/Drivers/STM32F4xx_HAL_Driver/Src/stm32f4xx_hal_uart.c:1509:19:HAL_UART_DMAResume	120	static,ignoring_inline_asm
C:/Users/user14/workspaces/embeddeed/stm32f411re6_prj/Drivers/STM32F4xx_HAL_Driver/Src/stm32f4xx_hal_uart.c:1543:19:HAL_UART_DMAStop	72	static,ignoring_inline_asm
C:/Users/user14/workspaces/embeddeed/stm32f411re6_prj/Drivers/STM32F4xx_HAL_Driver/Src/stm32f4xx_hal_uart.c:1598:19:HAL_UARTEx_ReceiveToIdle	40	static
C:/Users/user14/workspaces/embeddeed/stm32f411re6_prj/Drivers/STM32F4xx_HAL_Driver/Src/stm32f4xx_hal_uart.c:1723:19:HAL_UARTEx_ReceiveToIdle_IT	56	static,ignoring_inline_asm
C:/Users/user14/workspaces/embeddeed/stm32f411re6_prj/Drivers/STM32F4xx_HAL_Driver/Src/stm32f4xx_hal_uart.c:1783:19:HAL_UARTEx_ReceiveToIdle_DMA	56	static,ignoring_inline_asm
C:/Users/user14/workspaces/embeddeed/stm32f411re6_prj/Drivers/STM32F4xx_HAL_Driver/Src/stm32f4xx_hal_uart.c:1848:29:HAL_UARTEx_GetRxEventType	16	static
C:/Users/user14/workspaces/embeddeed/stm32f411re6_prj/Drivers/STM32F4xx_HAL_Driver/Src/stm32f4xx_hal_uart.c:1866:19:HAL_UART_Abort	136	static,ignoring_inline_asm
C:/Users/user14/workspaces/embeddeed/stm32f411re6_prj/Drivers/STM32F4xx_HAL_Driver/Src/stm32f4xx_hal_uart.c:1955:19:HAL_UART_AbortTransmit	64	static,ignoring_inline_asm
C:/Users/user14/workspaces/embeddeed/stm32f411re6_prj/Drivers/STM32F4xx_HAL_Driver/Src/stm32f4xx_hal_uart.c:2006:19:HAL_UART_AbortReceive	112	static,ignoring_inline_asm
C:/Users/user14/workspaces/embeddeed/stm32f411re6_prj/Drivers/STM32F4xx_HAL_Driver/Src/stm32f4xx_hal_uart.c:2067:19:HAL_UART_Abort_IT	144	static,ignoring_inline_asm
C:/Users/user14/workspaces/embeddeed/stm32f411re6_prj/Drivers/STM32F4xx_HAL_Driver/Src/stm32f4xx_hal_uart.c:2202:19:HAL_UART_AbortTransmit_IT	64	static,ignoring_inline_asm
C:/Users/user14/workspaces/embeddeed/stm32f411re6_prj/Drivers/STM32F4xx_HAL_Driver/Src/stm32f4xx_hal_uart.c:2279:19:HAL_UART_AbortReceive_IT	112	static,ignoring_inline_asm
C:/Users/user14/workspaces/embeddeed/stm32f411re6_prj/Drivers/STM32F4xx_HAL_Driver/Src/stm32f4xx_hal_uart.c:2357:6:HAL_UART_IRQHandler	240	static,ignoring_inline_asm
C:/Users/user14/workspaces/embeddeed/stm32f411re6_prj/Drivers/STM32F4xx_HAL_Driver/Src/stm32f4xx_hal_uart.c:2621:13:HAL_UART_TxCpltCallback	16	static
C:/Users/user14/workspaces/embeddeed/stm32f411re6_prj/Drivers/STM32F4xx_HAL_Driver/Src/stm32f4xx_hal_uart.c:2636:13:HAL_UART_TxHalfCpltCallback	16	static
C:/Users/user14/workspaces/embeddeed/stm32f411re6_prj/Drivers/STM32F4xx_HAL_Driver/Src/stm32f4xx_hal_uart.c:2651:13:HAL_UART_RxCpltCallback	16	static
C:/Users/user14/workspaces/embeddeed/stm32f411re6_prj/Drivers/STM32F4xx_HAL_Driver/Src/stm32f4xx_hal_uart.c:2666:13:HAL_UART_RxHalfCpltCallback	16	static
C:/Users/user14/workspaces/embeddeed/stm32f411re6_prj/Drivers/STM32F4xx_HAL_Driver/Src/stm32f4xx_hal_uart.c:2681:13:HAL_UART_ErrorCallback	16	static
C:/Users/user14/workspaces/embeddeed/stm32f411re6_prj/Drivers/STM32F4xx_HAL_Driver/Src/stm32f4xx_hal_uart.c:2695:13:HAL_UART_AbortCpltCallback	16	static
C:/Users/user14/workspaces/embeddeed/stm32f411re6_prj/Drivers/STM32F4xx_HAL_Driver/Src/stm32f4xx_hal_uart.c:2710:13:HAL_UART_AbortTransmitCpltCallback	16	static
C:/Users/user14/workspaces/embeddeed/stm32f411re6_prj/Drivers/STM32F4xx_HAL_Driver/Src/stm32f4xx_hal_uart.c:2725:13:HAL_UART_AbortReceiveCpltCallback	16	static
C:/Users/user14/workspaces/embeddeed/stm32f411re6_prj/Drivers/STM32F4xx_HAL_Driver/Src/stm32f4xx_hal_uart.c:2742:13:HAL_UARTEx_RxEventCallback	16	static
C:/Users/user14/workspaces/embeddeed/stm32f411re6_prj/Drivers/STM32F4xx_HAL_Driver/Src/stm32f4xx_hal_uart.c:2782:19:HAL_LIN_SendBreak	40	static,ignoring_inline_asm
C:/Users/user14/workspaces/embeddeed/stm32f411re6_prj/Drivers/STM32F4xx_HAL_Driver/Src/stm32f4xx_hal_uart.c:2809:19:HAL_MultiProcessor_EnterMuteMode	40	static,ignoring_inline_asm
C:/Users/user14/workspaces/embeddeed/stm32f411re6_prj/Drivers/STM32F4xx_HAL_Driver/Src/stm32f4xx_hal_uart.c:2837:19:HAL_MultiProcessor_ExitMuteMode	40	static,ignoring_inline_asm
C:/Users/user14/workspaces/embeddeed/stm32f411re6_prj/Drivers/STM32F4xx_HAL_Driver/Src/stm32f4xx_hal_uart.c:2865:19:HAL_HalfDuplex_EnableTransmitter	24	static
C:/Users/user14/workspaces/embeddeed/stm32f411re6_prj/Drivers/STM32F4xx_HAL_Driver/Src/stm32f4xx_hal_uart.c:2900:19:HAL_HalfDuplex_EnableReceiver	24	static
C:/Users/user14/workspaces/embeddeed/stm32f411re6_prj/Drivers/STM32F4xx_HAL_Driver/Src/stm32f4xx_hal_uart.c:2957:23:HAL_UART_GetState	24	static
C:/Users/user14/workspaces/embeddeed/stm32f411re6_prj/Drivers/STM32F4xx_HAL_Driver/Src/stm32f4xx_hal_uart.c:2972:10:HAL_UART_GetError	16	static
C:/Users/user14/workspaces/embeddeed/stm32f411re6_prj/Drivers/STM32F4xx_HAL_Driver/Src/stm32f4xx_hal_uart.c:3017:13:UART_DMATransmitCplt	72	static,ignoring_inline_asm
C:/Users/user14/workspaces/embeddeed/stm32f411re6_prj/Drivers/STM32F4xx_HAL_Driver/Src/stm32f4xx_hal_uart.c:3052:13:UART_DMATxHalfCplt	24	static
C:/Users/user14/workspaces/embeddeed/stm32f411re6_prj/Drivers/STM32F4xx_HAL_Driver/Src/stm32f4xx_hal_uart.c:3071:13:UART_DMAReceiveCplt	120	static,ignoring_inline_asm
C:/Users/user14/workspaces/embeddeed/stm32f411re6_prj/Drivers/STM32F4xx_HAL_Driver/Src/stm32f4xx_hal_uart.c:3133:13:UART_DMARxHalfCplt	24	static
C:/Users/user14/workspaces/embeddeed/stm32f411re6_prj/Drivers/STM32F4xx_HAL_Driver/Src/stm32f4xx_hal_uart.c:3172:13:UART_DMAError	24	static
C:/Users/user14/workspaces/embeddeed/stm32f411re6_prj/Drivers/STM32F4xx_HAL_Driver/Src/stm32f4xx_hal_uart.c:3214:26:UART_WaitOnFlagUntilTimeout	32	static
C:/Users/user14/workspaces/embeddeed/stm32f411re6_prj/Drivers/STM32F4xx_HAL_Driver/Src/stm32f4xx_hal_uart.c:3265:19:UART_Start_Receive_IT	24	static
C:/Users/user14/workspaces/embeddeed/stm32f411re6_prj/Drivers/STM32F4xx_HAL_Driver/Src/stm32f4xx_hal_uart.c:3300:19:UART_Start_Receive_DMA	104	static,ignoring_inline_asm
C:/Users/user14/workspaces/embeddeed/stm32f411re6_prj/Drivers/STM32F4xx_HAL_Driver/Src/stm32f4xx_hal_uart.c:3358:13:UART_EndTxTransfer	40	static,ignoring_inline_asm
C:/Users/user14/workspaces/embeddeed/stm32f411re6_prj/Drivers/STM32F4xx_HAL_Driver/Src/stm32f4xx_hal_uart.c:3372:13:UART_EndRxTransfer	88	static,ignoring_inline_asm
C:/Users/user14/workspaces/embeddeed/stm32f411re6_prj/Drivers/STM32F4xx_HAL_Driver/Src/stm32f4xx_hal_uart.c:3396:13:UART_DMAAbortOnError	24	static
C:/Users/user14/workspaces/embeddeed/stm32f411re6_prj/Drivers/STM32F4xx_HAL_Driver/Src/stm32f4xx_hal_uart.c:3419:13:UART_DMATxAbortCallback	24	static
C:/Users/user14/workspaces/embeddeed/stm32f411re6_prj/Drivers/STM32F4xx_HAL_Driver/Src/stm32f4xx_hal_uart.c:3465:13:UART_DMARxAbortCallback	24	static
C:/Users/user14/workspaces/embeddeed/stm32f411re6_prj/Drivers/STM32F4xx_HAL_Driver/Src/stm32f4xx_hal_uart.c:3511:13:UART_DMATxOnlyAbortCallback	24	static
C:/Users/user14/workspaces/embeddeed/stm32f411re6_prj/Drivers/STM32F4xx_HAL_Driver/Src/stm32f4xx_hal_uart.c:3539:13:UART_DMARxOnlyAbortCallback	24	static
C:/Users/user14/workspaces/embeddeed/stm32f411re6_prj/Drivers/STM32F4xx_HAL_Driver/Src/stm32f4xx_hal_uart.c:3565:26:UART_Transmit_IT	24	static
C:/Users/user14/workspaces/embeddeed/stm32f411re6_prj/Drivers/STM32F4xx_HAL_Driver/Src/stm32f4xx_hal_uart.c:3605:26:UART_EndTransmit_IT	16	static
C:/Users/user14/workspaces/embeddeed/stm32f411re6_prj/Drivers/STM32F4xx_HAL_Driver/Src/stm32f4xx_hal_uart.c:3630:26:UART_Receive_IT	56	static,ignoring_inline_asm
C:/Users/user14/workspaces/embeddeed/stm32f411re6_prj/Drivers/STM32F4xx_HAL_Driver/Src/stm32f4xx_hal_uart.c:3733:13:UART_SetConfig	288	static
